--------------------------------------------------------------------------------
Release 14.7 Trace  (nt64)
Copyright (c) 1995-2013 Xilinx, Inc.  All rights reserved.

C:\Xilinx\14.7\ISE_DS\ISE\bin\nt64\unwrapped\trce.exe -intstyle ise -v 3 -s 3
-n 3 -fastpaths -xml block_input.twx block_input.ncd -o block_input.twr
block_input.pcf

Design file:              block_input.ncd
Physical constraint file: block_input.pcf
Device,package,speed:     xc7a100t,csg324,C,-3 (PRODUCTION 1.10 2013-10-13)
Report level:             verbose report

Environment Variable      Effect 
--------------------      ------ 
NONE                      No environment variables were set
--------------------------------------------------------------------------------

INFO:Timing:2698 - No timing constraints found, doing default enumeration.
INFO:Timing:3412 - To improve timing, see the Timing Closure User Guide (UG612).
INFO:Timing:2752 - To get complete path coverage, use the unconstrained paths 
   option. All paths that are not constrained will be reported in the 
   unconstrained paths section(s) of the report.
INFO:Timing:3339 - The clock-to-out numbers in this timing report are based on 
   a 50 Ohm transmission line loading model.  For the details of this model, 
   and for more information on accounting for different loading conditions, 
   please see the device datasheet.



Data Sheet report:
-----------------
All values displayed in nanoseconds (ns)

Setup/Hold to clock clk
------------+------------+------------+------------+------------+------------------+--------+
            |Max Setup to|  Process   |Max Hold to |  Process   |                  | Clock  |
Source      | clk (edge) |   Corner   | clk (edge) |   Corner   |Internal Clock(s) | Phase  |
------------+------------+------------+------------+------------+------------------+--------+
Data_in<0>  |   -0.293(R)|      FAST  |    2.359(R)|      SLOW  |clk_BUFGP         |   0.000|
Data_in<1>  |   -0.271(R)|      FAST  |    2.339(R)|      SLOW  |clk_BUFGP         |   0.000|
Data_in<2>  |   -0.211(R)|      FAST  |    2.270(R)|      SLOW  |clk_BUFGP         |   0.000|
Data_in<3>  |   -0.272(R)|      FAST  |    2.337(R)|      SLOW  |clk_BUFGP         |   0.000|
Data_in<4>  |   -0.291(R)|      FAST  |    2.350(R)|      SLOW  |clk_BUFGP         |   0.000|
Data_in<5>  |   -0.236(R)|      FAST  |    2.291(R)|      SLOW  |clk_BUFGP         |   0.000|
Data_in<6>  |   -0.131(R)|      FAST  |    2.319(R)|      SLOW  |clk_BUFGP         |   0.000|
Data_in<7>  |   -0.221(R)|      FAST  |    2.384(R)|      SLOW  |clk_BUFGP         |   0.000|
grant       |    0.508(R)|      FAST  |    1.579(R)|      SLOW  |clk_BUFGP         |   0.000|
val         |    0.466(R)|      FAST  |    1.797(R)|      SLOW  |clk_BUFGP         |   0.000|
------------+------------+------------+------------+------------+------------------+--------+

Setup/Hold to clock rst
------------+------------+------------+------------+------------+------------------+--------+
            |Max Setup to|  Process   |Max Hold to |  Process   |                  | Clock  |
Source      | clk (edge) |   Corner   | clk (edge) |   Corner   |Internal Clock(s) | Phase  |
------------+------------+------------+------------+------------+------------------+--------+
X_cur<0>    |   -1.073(F)|      FAST  |    3.279(F)|      SLOW  |rst_IBUF_BUFG     |   0.000|
X_cur<1>    |   -1.093(F)|      FAST  |    3.299(F)|      SLOW  |rst_IBUF_BUFG     |   0.000|
Y_cur<0>    |   -1.070(F)|      FAST  |    3.274(F)|      SLOW  |rst_IBUF_BUFG     |   0.000|
Y_cur<1>    |   -1.066(F)|      FAST  |    3.271(F)|      SLOW  |rst_IBUF_BUFG     |   0.000|
------------+------------+------------+------------+------------+------------------+--------+

Clock clk to Pad
------------+-----------------+------------+-----------------+------------+------------------+--------+
            |Max (slowest) clk|  Process   |Min (fastest) clk|  Process   |                  | Clock  |
Destination |  (edge) to PAD  |   Corner   |  (edge) to PAD  |   Corner   |Internal Clock(s) | Phase  |
------------+-----------------+------------+-----------------+------------+------------------+--------+
Data_out<0> |         7.902(R)|      SLOW  |         3.326(R)|      FAST  |clk_BUFGP         |   0.000|
Data_out<1> |         7.876(R)|      SLOW  |         3.311(R)|      FAST  |clk_BUFGP         |   0.000|
Data_out<2> |         7.806(R)|      SLOW  |         3.266(R)|      FAST  |clk_BUFGP         |   0.000|
Data_out<3> |         8.092(R)|      SLOW  |         3.422(R)|      FAST  |clk_BUFGP         |   0.000|
Data_out<4> |         8.101(R)|      SLOW  |         3.448(R)|      FAST  |clk_BUFGP         |   0.000|
Data_out<5> |         8.027(R)|      SLOW  |         3.390(R)|      FAST  |clk_BUFGP         |   0.000|
Data_out<6> |         8.130(R)|      SLOW  |         3.453(R)|      FAST  |clk_BUFGP         |   0.000|
Data_out<7> |         8.160(R)|      SLOW  |         3.449(R)|      FAST  |clk_BUFGP         |   0.000|
register<0> |         7.856(R)|      SLOW  |         3.300(R)|      FAST  |clk_BUFGP         |   0.000|
register<1> |         7.835(R)|      SLOW  |         3.270(R)|      FAST  |clk_BUFGP         |   0.000|
register<2> |         7.723(R)|      SLOW  |         3.221(R)|      FAST  |clk_BUFGP         |   0.000|
ret         |         8.107(R)|      SLOW  |         3.454(R)|      FAST  |clk_BUFGP         |   0.000|
------------+-----------------+------------+-----------------+------------+------------------+--------+

Clock to Setup on destination clock clk
---------------+---------+---------+---------+---------+
               | Src:Rise| Src:Fall| Src:Rise| Src:Fall|
Source Clock   |Dest:Rise|Dest:Rise|Dest:Fall|Dest:Fall|
---------------+---------+---------+---------+---------+
clk            |    2.240|         |         |         |
rst            |    0.728|    2.774|         |         |
---------------+---------+---------+---------+---------+


Analysis completed Sun Dec 04 17:54:48 2022 
--------------------------------------------------------------------------------

Trace Settings:
-------------------------
Trace Settings 

Peak Memory Usage: 4952 MB



