--------------------------------------------------------------------------------
Release 14.7 Trace  (nt64)
Copyright (c) 1995-2013 Xilinx, Inc.  All rights reserved.

C:\Xilinx\14.7\ISE_DS\ISE\bin\nt64\unwrapped\trce.exe -intstyle ise -v 3 -s 3
-n 3 -fastpaths -xml block_input.twx block_input.ncd -o block_input.twr
block_input.pcf

Design file:              block_input.ncd
Physical constraint file: block_input.pcf
Device,package,speed:     xc7a100t,csg324,C,-3 (PRODUCTION 1.10 2013-10-13)
Report level:             verbose report

Environment Variable      Effect 
--------------------      ------ 
NONE                      No environment variables were set
--------------------------------------------------------------------------------

INFO:Timing:2698 - No timing constraints found, doing default enumeration.
INFO:Timing:3412 - To improve timing, see the Timing Closure User Guide (UG612).
INFO:Timing:2752 - To get complete path coverage, use the unconstrained paths 
   option. All paths that are not constrained will be reported in the 
   unconstrained paths section(s) of the report.
INFO:Timing:3339 - The clock-to-out numbers in this timing report are based on 
   a 50 Ohm transmission line loading model.  For the details of this model, 
   and for more information on accounting for different loading conditions, 
   please see the device datasheet.



Data Sheet report:
-----------------
All values displayed in nanoseconds (ns)

Setup/Hold to clock clk
------------+------------+------------+------------+------------+------------------+--------+
            |Max Setup to|  Process   |Max Hold to |  Process   |                  | Clock  |
Source      | clk (edge) |   Corner   | clk (edge) |   Corner   |Internal Clock(s) | Phase  |
------------+------------+------------+------------+------------+------------------+--------+
Data_in<0>  |   -0.121(R)|      FAST  |    2.122(R)|      SLOW  |clk_BUFGP         |   0.000|
Data_in<1>  |   -0.160(R)|      FAST  |    2.220(R)|      SLOW  |clk_BUFGP         |   0.000|
Data_in<2>  |   -0.100(R)|      FAST  |    2.149(R)|      SLOW  |clk_BUFGP         |   0.000|
Data_in<3>  |   -0.151(R)|      FAST  |    2.209(R)|      SLOW  |clk_BUFGP         |   0.000|
Data_in<4>  |   -0.183(R)|      FAST  |    2.235(R)|      SLOW  |clk_BUFGP         |   0.000|
Data_in<5>  |   -0.212(R)|      FAST  |    2.257(R)|      SLOW  |clk_BUFGP         |   0.000|
Data_in<6>  |   -0.067(R)|      FAST  |    2.227(R)|      SLOW  |clk_BUFGP         |   0.000|
Data_in<7>  |   -0.160(R)|      FAST  |    2.367(R)|      SLOW  |clk_BUFGP         |   0.000|
val         |    0.744(R)|      FAST  |    1.717(R)|      SLOW  |clk_BUFGP         |   0.000|
------------+------------+------------+------------+------------+------------------+--------+

Setup/Hold to clock rst
------------+------------+------------+------------+------------+------------------+--------+
            |Max Setup to|  Process   |Max Hold to |  Process   |                  | Clock  |
Source      | clk (edge) |   Corner   | clk (edge) |   Corner   |Internal Clock(s) | Phase  |
------------+------------+------------+------------+------------+------------------+--------+
X_cur<0>    |   -1.073(F)|      FAST  |    3.279(F)|      SLOW  |rst_IBUF_BUFG     |   0.000|
X_cur<1>    |   -1.093(F)|      FAST  |    3.299(F)|      SLOW  |rst_IBUF_BUFG     |   0.000|
Y_cur<0>    |   -1.070(F)|      FAST  |    3.274(F)|      SLOW  |rst_IBUF_BUFG     |   0.000|
Y_cur<1>    |   -1.066(F)|      FAST  |    3.271(F)|      SLOW  |rst_IBUF_BUFG     |   0.000|
------------+------------+------------+------------+------------+------------------+--------+

Clock clk to Pad
------------+-----------------+------------+-----------------+------------+------------------+--------+
            |Max (slowest) clk|  Process   |Min (fastest) clk|  Process   |                  | Clock  |
Destination |  (edge) to PAD  |   Corner   |  (edge) to PAD  |   Corner   |Internal Clock(s) | Phase  |
------------+-----------------+------------+-----------------+------------+------------------+--------+
Data_out<0> |         7.990(R)|      SLOW  |         3.388(R)|      FAST  |clk_BUFGP         |   0.000|
Data_out<1> |         8.026(R)|      SLOW  |         3.383(R)|      FAST  |clk_BUFGP         |   0.000|
Data_out<2> |         7.893(R)|      SLOW  |         3.344(R)|      FAST  |clk_BUFGP         |   0.000|
Data_out<3> |         8.116(R)|      SLOW  |         3.461(R)|      FAST  |clk_BUFGP         |   0.000|
Data_out<4> |         8.024(R)|      SLOW  |         3.391(R)|      FAST  |clk_BUFGP         |   0.000|
Data_out<5> |         8.085(R)|      SLOW  |         3.407(R)|      FAST  |clk_BUFGP         |   0.000|
Data_out<6> |         8.192(R)|      SLOW  |         3.497(R)|      FAST  |clk_BUFGP         |   0.000|
Data_out<7> |         8.134(R)|      SLOW  |         3.449(R)|      FAST  |clk_BUFGP         |   0.000|
register<0> |         8.002(R)|      SLOW  |         3.396(R)|      FAST  |clk_BUFGP         |   0.000|
register<1> |         7.941(R)|      SLOW  |         3.331(R)|      FAST  |clk_BUFGP         |   0.000|
register<2> |         7.843(R)|      SLOW  |         3.289(R)|      FAST  |clk_BUFGP         |   0.000|
ret         |         8.624(R)|      SLOW  |         3.768(R)|      FAST  |clk_BUFGP         |   0.000|
------------+-----------------+------------+-----------------+------------+------------------+--------+

Clock to Setup on destination clock clk
---------------+---------+---------+---------+---------+
               | Src:Rise| Src:Fall| Src:Rise| Src:Fall|
Source Clock   |Dest:Rise|Dest:Rise|Dest:Fall|Dest:Fall|
---------------+---------+---------+---------+---------+
clk            |    2.216|         |         |         |
rst            |    0.835|    2.790|         |         |
---------------+---------+---------+---------+---------+

Pad to Pad
---------------+---------------+---------+
Source Pad     |Destination Pad|  Delay  |
---------------+---------------+---------+
val            |ret            |    6.828|
---------------+---------------+---------+


Analysis completed Thu Dec 01 16:09:11 2022 
--------------------------------------------------------------------------------

Trace Settings:
-------------------------
Trace Settings 

Peak Memory Usage: 4951 MB



