--------------------------------------------------------------------------------
Release 14.7 Trace  (nt64)
Copyright (c) 1995-2013 Xilinx, Inc.  All rights reserved.

C:\Xilinx\14.7\ISE_DS\ISE\bin\nt64\unwrapped\trce.exe -intstyle ise -v 3 -s 3
-n 3 -fastpaths -xml crossbar.twx crossbar.ncd -o crossbar.twr crossbar.pcf

Design file:              crossbar.ncd
Physical constraint file: crossbar.pcf
Device,package,speed:     xc7a100t,csg324,C,-3 (PRODUCTION 1.10 2013-10-13)
Report level:             verbose report

Environment Variable      Effect 
--------------------      ------ 
NONE                      No environment variables were set
--------------------------------------------------------------------------------

INFO:Timing:2698 - No timing constraints found, doing default enumeration.
INFO:Timing:3412 - To improve timing, see the Timing Closure User Guide (UG612).
INFO:Timing:2752 - To get complete path coverage, use the unconstrained paths 
   option. All paths that are not constrained will be reported in the 
   unconstrained paths section(s) of the report.
INFO:Timing:3339 - The clock-to-out numbers in this timing report are based on 
   a 50 Ohm transmission line loading model.  For the details of this model, 
   and for more information on accounting for different loading conditions, 
   please see the device datasheet.



Data Sheet report:
-----------------
All values displayed in nanoseconds (ns)

Pad to Pad
---------------+---------------+---------+
Source Pad     |Destination Pad|  Delay  |
---------------+---------------+---------+
In_E<0>        |Out_E<0>       |    7.185|
In_E<0>        |Out_L<0>       |    7.185|
In_E<0>        |Out_N<0>       |    7.096|
In_E<0>        |Out_S<0>       |    7.506|
In_E<0>        |Out_W<0>       |    7.542|
In_E<1>        |Out_E<1>       |    7.682|
In_E<1>        |Out_L<1>       |    7.556|
In_E<1>        |Out_N<1>       |    7.806|
In_E<1>        |Out_S<1>       |    6.430|
In_E<1>        |Out_W<1>       |    6.717|
In_E<2>        |Out_E<2>       |    7.660|
In_E<2>        |Out_L<2>       |    7.934|
In_E<2>        |Out_N<2>       |    7.433|
In_E<2>        |Out_S<2>       |    6.089|
In_E<2>        |Out_W<2>       |    7.167|
In_E<3>        |Out_E<3>       |    7.512|
In_E<3>        |Out_L<3>       |    8.059|
In_E<3>        |Out_N<3>       |    8.282|
In_E<3>        |Out_S<3>       |    7.795|
In_E<3>        |Out_W<3>       |    7.553|
In_E<4>        |Out_E<4>       |    7.598|
In_E<4>        |Out_L<4>       |    7.450|
In_E<4>        |Out_N<4>       |    7.556|
In_E<4>        |Out_S<4>       |    8.352|
In_E<4>        |Out_W<4>       |    8.354|
In_E<5>        |Out_E<5>       |    7.612|
In_E<5>        |Out_L<5>       |    7.937|
In_E<5>        |Out_N<5>       |    7.437|
In_E<5>        |Out_S<5>       |    7.720|
In_E<5>        |Out_W<5>       |    7.360|
In_E<6>        |Out_E<6>       |    7.661|
In_E<6>        |Out_L<6>       |    8.106|
In_E<6>        |Out_N<6>       |    7.807|
In_E<6>        |Out_S<6>       |    7.828|
In_E<6>        |Out_W<6>       |    7.653|
In_E<7>        |Out_E<7>       |    7.767|
In_E<7>        |Out_L<7>       |    8.082|
In_E<7>        |Out_N<7>       |    7.577|
In_E<7>        |Out_S<7>       |    6.989|
In_E<7>        |Out_W<7>       |    7.362|
In_L<0>        |Out_E<0>       |    8.277|
In_L<0>        |Out_L<0>       |    8.474|
In_L<0>        |Out_N<0>       |    8.638|
In_L<0>        |Out_S<0>       |    7.626|
In_L<0>        |Out_W<0>       |    8.459|
In_L<1>        |Out_E<1>       |    8.157|
In_L<1>        |Out_L<1>       |    8.132|
In_L<1>        |Out_N<1>       |    8.251|
In_L<1>        |Out_S<1>       |    6.206|
In_L<1>        |Out_W<1>       |    7.106|
In_L<2>        |Out_E<2>       |    7.589|
In_L<2>        |Out_L<2>       |    8.026|
In_L<2>        |Out_N<2>       |    7.545|
In_L<2>        |Out_S<2>       |    6.298|
In_L<2>        |Out_W<2>       |    7.684|
In_L<3>        |Out_E<3>       |    7.913|
In_L<3>        |Out_L<3>       |    8.208|
In_L<3>        |Out_N<3>       |    8.375|
In_L<3>        |Out_S<3>       |    8.082|
In_L<3>        |Out_W<3>       |    7.455|
In_L<4>        |Out_E<4>       |    8.481|
In_L<4>        |Out_L<4>       |    8.639|
In_L<4>        |Out_N<4>       |    8.309|
In_L<4>        |Out_S<4>       |    8.075|
In_L<4>        |Out_W<4>       |    8.279|
In_L<5>        |Out_E<5>       |    8.291|
In_L<5>        |Out_L<5>       |    8.415|
In_L<5>        |Out_N<5>       |    7.857|
In_L<5>        |Out_S<5>       |    8.747|
In_L<5>        |Out_W<5>       |    8.210|
In_L<6>        |Out_E<6>       |    8.803|
In_L<6>        |Out_L<6>       |    8.473|
In_L<6>        |Out_N<6>       |    8.379|
In_L<6>        |Out_S<6>       |    8.634|
In_L<6>        |Out_W<6>       |    8.111|
In_L<7>        |Out_E<7>       |    8.239|
In_L<7>        |Out_L<7>       |    8.109|
In_L<7>        |Out_N<7>       |    8.084|
In_L<7>        |Out_S<7>       |    7.411|
In_L<7>        |Out_W<7>       |    7.462|
In_N<0>        |Out_E<0>       |    6.901|
In_N<0>        |Out_L<0>       |    7.361|
In_N<0>        |Out_N<0>       |    7.302|
In_N<0>        |Out_S<0>       |    8.056|
In_N<0>        |Out_W<0>       |    7.673|
In_N<1>        |Out_E<1>       |    7.380|
In_N<1>        |Out_L<1>       |    7.695|
In_N<1>        |Out_N<1>       |    7.628|
In_N<1>        |Out_S<1>       |    6.903|
In_N<1>        |Out_W<1>       |    7.315|
In_N<2>        |Out_E<2>       |    7.684|
In_N<2>        |Out_L<2>       |    7.841|
In_N<2>        |Out_N<2>       |    7.634|
In_N<2>        |Out_S<2>       |    6.778|
In_N<2>        |Out_W<2>       |    7.574|
In_N<3>        |Out_E<3>       |    7.305|
In_N<3>        |Out_L<3>       |    7.848|
In_N<3>        |Out_N<3>       |    7.626|
In_N<3>        |Out_S<3>       |    7.930|
In_N<3>        |Out_W<3>       |    7.910|
In_N<4>        |Out_E<4>       |    7.518|
In_N<4>        |Out_L<4>       |    7.928|
In_N<4>        |Out_N<4>       |    7.787|
In_N<4>        |Out_S<4>       |    8.458|
In_N<4>        |Out_W<4>       |    7.953|
In_N<5>        |Out_E<5>       |    7.755|
In_N<5>        |Out_L<5>       |    7.837|
In_N<5>        |Out_N<5>       |    7.254|
In_N<5>        |Out_S<5>       |    8.504|
In_N<5>        |Out_W<5>       |    8.193|
In_N<6>        |Out_E<6>       |    7.483|
In_N<6>        |Out_L<6>       |    7.382|
In_N<6>        |Out_N<6>       |    7.526|
In_N<6>        |Out_S<6>       |    8.097|
In_N<6>        |Out_W<6>       |    7.754|
In_N<7>        |Out_E<7>       |    8.226|
In_N<7>        |Out_L<7>       |    8.447|
In_N<7>        |Out_N<7>       |    8.219|
In_N<7>        |Out_S<7>       |    7.438|
In_N<7>        |Out_W<7>       |    7.622|
In_S<0>        |Out_E<0>       |    7.730|
In_S<0>        |Out_L<0>       |    7.513|
In_S<0>        |Out_N<0>       |    7.895|
In_S<0>        |Out_S<0>       |    7.244|
In_S<0>        |Out_W<0>       |    7.955|
In_S<1>        |Out_E<1>       |    7.391|
In_S<1>        |Out_L<1>       |    7.657|
In_S<1>        |Out_N<1>       |    7.581|
In_S<1>        |Out_S<1>       |    6.361|
In_S<1>        |Out_W<1>       |    7.588|
In_S<2>        |Out_E<2>       |    8.154|
In_S<2>        |Out_L<2>       |    8.293|
In_S<2>        |Out_N<2>       |    7.965|
In_S<2>        |Out_S<2>       |    6.675|
In_S<2>        |Out_W<2>       |    7.809|
In_S<3>        |Out_E<3>       |    7.627|
In_S<3>        |Out_L<3>       |    8.000|
In_S<3>        |Out_N<3>       |    8.092|
In_S<3>        |Out_S<3>       |    7.651|
In_S<3>        |Out_W<3>       |    7.292|
In_S<4>        |Out_E<4>       |    7.409|
In_S<4>        |Out_L<4>       |    7.897|
In_S<4>        |Out_N<4>       |    7.572|
In_S<4>        |Out_S<4>       |    8.065|
In_S<4>        |Out_W<4>       |    8.057|
In_S<5>        |Out_E<5>       |    8.486|
In_S<5>        |Out_L<5>       |    8.824|
In_S<5>        |Out_N<5>       |    8.111|
In_S<5>        |Out_S<5>       |    8.268|
In_S<5>        |Out_W<5>       |    7.682|
In_S<6>        |Out_E<6>       |    8.194|
In_S<6>        |Out_L<6>       |    8.092|
In_S<6>        |Out_N<6>       |    7.896|
In_S<6>        |Out_S<6>       |    8.258|
In_S<6>        |Out_W<6>       |    7.828|
In_S<7>        |Out_E<7>       |    7.859|
In_S<7>        |Out_L<7>       |    8.144|
In_S<7>        |Out_N<7>       |    8.029|
In_S<7>        |Out_S<7>       |    7.537|
In_S<7>        |Out_W<7>       |    7.512|
In_W<0>        |Out_E<0>       |    7.486|
In_W<0>        |Out_L<0>       |    7.361|
In_W<0>        |Out_N<0>       |    7.285|
In_W<0>        |Out_S<0>       |    7.266|
In_W<0>        |Out_W<0>       |    7.445|
In_W<1>        |Out_E<1>       |    7.178|
In_W<1>        |Out_L<1>       |    7.758|
In_W<1>        |Out_N<1>       |    7.650|
In_W<1>        |Out_S<1>       |    5.797|
In_W<1>        |Out_W<1>       |    7.361|
In_W<2>        |Out_E<2>       |    7.419|
In_W<2>        |Out_L<2>       |    7.781|
In_W<2>        |Out_N<2>       |    7.244|
In_W<2>        |Out_S<2>       |    5.641|
In_W<2>        |Out_W<2>       |    7.218|
In_W<3>        |Out_E<3>       |    7.238|
In_W<3>        |Out_L<3>       |    7.852|
In_W<3>        |Out_N<3>       |    7.773|
In_W<3>        |Out_S<3>       |    7.841|
In_W<3>        |Out_W<3>       |    7.697|
In_W<4>        |Out_E<4>       |    8.552|
In_W<4>        |Out_L<4>       |    8.694|
In_W<4>        |Out_N<4>       |    8.909|
In_W<4>        |Out_S<4>       |    8.611|
In_W<4>        |Out_W<4>       |    8.623|
In_W<5>        |Out_E<5>       |    8.010|
In_W<5>        |Out_L<5>       |    8.303|
In_W<5>        |Out_N<5>       |    7.755|
In_W<5>        |Out_S<5>       |    7.775|
In_W<5>        |Out_W<5>       |    7.476|
In_W<6>        |Out_E<6>       |    7.605|
In_W<6>        |Out_L<6>       |    7.885|
In_W<6>        |Out_N<6>       |    7.812|
In_W<6>        |Out_S<6>       |    7.720|
In_W<6>        |Out_W<6>       |    7.018|
In_W<7>        |Out_E<7>       |    7.934|
In_W<7>        |Out_L<7>       |    7.985|
In_W<7>        |Out_N<7>       |    7.889|
In_W<7>        |Out_S<7>       |    7.330|
In_W<7>        |Out_W<7>       |    7.329|
Select_E<0>    |Out_E<0>       |    7.165|
Select_E<0>    |Out_E<1>       |    7.462|
Select_E<0>    |Out_E<2>       |    8.056|
Select_E<0>    |Out_E<3>       |    7.240|
Select_E<0>    |Out_E<4>       |    7.486|
Select_E<0>    |Out_E<5>       |    7.950|
Select_E<0>    |Out_E<6>       |    7.638|
Select_E<0>    |Out_E<7>       |    8.102|
Select_E<1>    |Out_E<0>       |    7.482|
Select_E<1>    |Out_E<1>       |    7.623|
Select_E<1>    |Out_E<2>       |    7.567|
Select_E<1>    |Out_E<3>       |    7.282|
Select_E<1>    |Out_E<4>       |    7.809|
Select_E<1>    |Out_E<5>       |    7.901|
Select_E<1>    |Out_E<6>       |    7.702|
Select_E<1>    |Out_E<7>       |    8.378|
Select_E<2>    |Out_E<0>       |    7.428|
Select_E<2>    |Out_E<1>       |    7.468|
Select_E<2>    |Out_E<2>       |    7.227|
Select_E<2>    |Out_E<3>       |    7.315|
Select_E<2>    |Out_E<4>       |    7.181|
Select_E<2>    |Out_E<5>       |    7.289|
Select_E<2>    |Out_E<6>       |    7.007|
Select_E<2>    |Out_E<7>       |    8.131|
Select_L<0>    |Out_L<0>       |    7.374|
Select_L<0>    |Out_L<1>       |    7.925|
Select_L<0>    |Out_L<2>       |    7.969|
Select_L<0>    |Out_L<3>       |    7.945|
Select_L<0>    |Out_L<4>       |    7.862|
Select_L<0>    |Out_L<5>       |    8.188|
Select_L<0>    |Out_L<6>       |    8.237|
Select_L<0>    |Out_L<7>       |    8.212|
Select_L<1>    |Out_L<0>       |    7.402|
Select_L<1>    |Out_L<1>       |    7.600|
Select_L<1>    |Out_L<2>       |    7.694|
Select_L<1>    |Out_L<3>       |    7.839|
Select_L<1>    |Out_L<4>       |    7.766|
Select_L<1>    |Out_L<5>       |    7.938|
Select_L<1>    |Out_L<6>       |    7.959|
Select_L<1>    |Out_L<7>       |    8.043|
Select_L<2>    |Out_L<0>       |    7.033|
Select_L<2>    |Out_L<1>       |    7.239|
Select_L<2>    |Out_L<2>       |    7.307|
Select_L<2>    |Out_L<3>       |    7.432|
Select_L<2>    |Out_L<4>       |    7.771|
Select_L<2>    |Out_L<5>       |    7.938|
Select_L<2>    |Out_L<6>       |    7.818|
Select_L<2>    |Out_L<7>       |    7.452|
Select_N<0>    |Out_N<0>       |    7.530|
Select_N<0>    |Out_N<1>       |    7.367|
Select_N<0>    |Out_N<2>       |    7.750|
Select_N<0>    |Out_N<3>       |    7.447|
Select_N<0>    |Out_N<4>       |    7.317|
Select_N<0>    |Out_N<5>       |    7.115|
Select_N<0>    |Out_N<6>       |    7.135|
Select_N<0>    |Out_N<7>       |    7.795|
Select_N<1>    |Out_N<0>       |    7.654|
Select_N<1>    |Out_N<1>       |    7.741|
Select_N<1>    |Out_N<2>       |    7.817|
Select_N<1>    |Out_N<3>       |    7.794|
Select_N<1>    |Out_N<4>       |    7.843|
Select_N<1>    |Out_N<5>       |    7.813|
Select_N<1>    |Out_N<6>       |    7.649|
Select_N<1>    |Out_N<7>       |    7.948|
Select_N<2>    |Out_N<0>       |    7.187|
Select_N<2>    |Out_N<1>       |    7.013|
Select_N<2>    |Out_N<2>       |    7.229|
Select_N<2>    |Out_N<3>       |    6.985|
Select_N<2>    |Out_N<4>       |    7.205|
Select_N<2>    |Out_N<5>       |    6.970|
Select_N<2>    |Out_N<6>       |    6.988|
Select_N<2>    |Out_N<7>       |    7.149|
Select_S<0>    |Out_S<0>       |    8.345|
Select_S<0>    |Out_S<1>       |    6.316|
Select_S<0>    |Out_S<2>       |    6.336|
Select_S<0>    |Out_S<3>       |    8.352|
Select_S<0>    |Out_S<4>       |    8.605|
Select_S<0>    |Out_S<5>       |    8.672|
Select_S<0>    |Out_S<6>       |    8.465|
Select_S<0>    |Out_S<7>       |    7.624|
Select_S<1>    |Out_S<0>       |    8.376|
Select_S<1>    |Out_S<1>       |    6.739|
Select_S<1>    |Out_S<2>       |    6.570|
Select_S<1>    |Out_S<3>       |    8.433|
Select_S<1>    |Out_S<4>       |    8.893|
Select_S<1>    |Out_S<5>       |    8.390|
Select_S<1>    |Out_S<6>       |    8.884|
Select_S<1>    |Out_S<7>       |    7.688|
Select_S<2>    |Out_S<0>       |    8.377|
Select_S<2>    |Out_S<1>       |    6.372|
Select_S<2>    |Out_S<2>       |    6.372|
Select_S<2>    |Out_S<3>       |    8.127|
Select_S<2>    |Out_S<4>       |    8.221|
Select_S<2>    |Out_S<5>       |    8.539|
Select_S<2>    |Out_S<6>       |    7.996|
Select_S<2>    |Out_S<7>       |    7.284|
Select_W<0>    |Out_W<0>       |    7.959|
Select_W<0>    |Out_W<1>       |    8.259|
Select_W<0>    |Out_W<2>       |    8.592|
Select_W<0>    |Out_W<3>       |    8.193|
Select_W<0>    |Out_W<4>       |    8.576|
Select_W<0>    |Out_W<5>       |    8.500|
Select_W<0>    |Out_W<6>       |    8.595|
Select_W<0>    |Out_W<7>       |    8.127|
Select_W<1>    |Out_W<0>       |    7.732|
Select_W<1>    |Out_W<1>       |    8.314|
Select_W<1>    |Out_W<2>       |    8.499|
Select_W<1>    |Out_W<3>       |    8.174|
Select_W<1>    |Out_W<4>       |    8.267|
Select_W<1>    |Out_W<5>       |    7.963|
Select_W<1>    |Out_W<6>       |    8.540|
Select_W<1>    |Out_W<7>       |    8.342|
Select_W<2>    |Out_W<0>       |    7.405|
Select_W<2>    |Out_W<1>       |    7.563|
Select_W<2>    |Out_W<2>       |    7.790|
Select_W<2>    |Out_W<3>       |    7.741|
Select_W<2>    |Out_W<4>       |    7.950|
Select_W<2>    |Out_W<5>       |    7.902|
Select_W<2>    |Out_W<6>       |    8.021|
Select_W<2>    |Out_W<7>       |    7.963|
---------------+---------------+---------+


Analysis completed Sat Dec 03 23:06:10 2022 
--------------------------------------------------------------------------------

Trace Settings:
-------------------------
Trace Settings 

Peak Memory Usage: 4952 MB



