--------------------------------------------------------------------------------
Release 14.7 Trace  (nt64)
Copyright (c) 1995-2013 Xilinx, Inc.  All rights reserved.

C:\Xilinx\14.7\ISE_DS\ISE\bin\nt64\unwrapped\trce.exe -intstyle ise -v 3 -s 3
-n 3 -fastpaths -xml input_controler.twx input_controler.ncd -o
input_controler.twr input_controler.pcf

Design file:              input_controler.ncd
Physical constraint file: input_controler.pcf
Device,package,speed:     xc7a100t,csg324,C,-3 (PRODUCTION 1.10 2013-10-13)
Report level:             verbose report

Environment Variable      Effect 
--------------------      ------ 
NONE                      No environment variables were set
--------------------------------------------------------------------------------

INFO:Timing:2698 - No timing constraints found, doing default enumeration.
INFO:Timing:3412 - To improve timing, see the Timing Closure User Guide (UG612).
INFO:Timing:2752 - To get complete path coverage, use the unconstrained paths 
   option. All paths that are not constrained will be reported in the 
   unconstrained paths section(s) of the report.
INFO:Timing:3339 - The clock-to-out numbers in this timing report are based on 
   a 50 Ohm transmission line loading model.  For the details of this model, 
   and for more information on accounting for different loading conditions, 
   please see the device datasheet.



Data Sheet report:
-----------------
All values displayed in nanoseconds (ns)

Setup/Hold to clock clk
------------+------------+------------+------------+------------+------------------+--------+
            |Max Setup to|  Process   |Max Hold to |  Process   |                  | Clock  |
Source      | clk (edge) |   Corner   | clk (edge) |   Corner   |Internal Clock(s) | Phase  |
------------+------------+------------+------------+------------+------------------+--------+
Data_in<0>  |    0.732(R)|      FAST  |    1.741(R)|      SLOW  |clk_BUFGP         |   0.000|
Data_in<1>  |    0.765(R)|      FAST  |    1.598(R)|      SLOW  |clk_BUFGP         |   0.000|
Data_in<2>  |    0.886(R)|      FAST  |    1.665(R)|      SLOW  |clk_BUFGP         |   0.000|
Data_in<3>  |    0.658(R)|      FAST  |    1.386(R)|      SLOW  |clk_BUFGP         |   0.000|
Data_in<4>  |    0.478(R)|      FAST  |    1.359(R)|      SLOW  |clk_BUFGP         |   0.000|
Data_in<5>  |    0.513(R)|      FAST  |    1.328(R)|      SLOW  |clk_BUFGP         |   0.000|
Data_in<6>  |    0.592(R)|      FAST  |    1.174(R)|      SLOW  |clk_BUFGP         |   0.000|
Data_in<7>  |    0.377(R)|      FAST  |    1.540(R)|      SLOW  |clk_BUFGP         |   0.000|
empty       |    0.838(R)|      FAST  |    1.632(R)|      SLOW  |clk_BUFGP         |   0.000|
------------+------------+------------+------------+------------+------------------+--------+

Setup/Hold to clock rst
------------+------------+------------+------------+------------+------------------+--------+
            |Max Setup to|  Process   |Max Hold to |  Process   |                  | Clock  |
Source      | clk (edge) |   Corner   | clk (edge) |   Corner   |Internal Clock(s) | Phase  |
------------+------------+------------+------------+------------+------------------+--------+
X_cur<0>    |   -1.070(F)|      FAST  |    3.274(F)|      SLOW  |rst_IBUF_BUFG     |   0.000|
X_cur<1>    |   -1.066(F)|      FAST  |    3.271(F)|      SLOW  |rst_IBUF_BUFG     |   0.000|
Y_cur<0>    |   -1.063(F)|      FAST  |    3.266(F)|      SLOW  |rst_IBUF_BUFG     |   0.000|
Y_cur<1>    |   -1.060(F)|      FAST  |    3.264(F)|      SLOW  |rst_IBUF_BUFG     |   0.000|
------------+------------+------------+------------+------------+------------------+--------+

Clock clk to Pad
------------+-----------------+------------+-----------------+------------+------------------+--------+
            |Max (slowest) clk|  Process   |Min (fastest) clk|  Process   |                  | Clock  |
Destination |  (edge) to PAD  |   Corner   |  (edge) to PAD  |   Corner   |Internal Clock(s) | Phase  |
------------+-----------------+------------+-----------------+------------+------------------+--------+
Data_out<0> |         6.325(R)|      SLOW  |         2.739(R)|      FAST  |clk_BUFGP         |   0.000|
Data_out<1> |         6.380(R)|      SLOW  |         2.793(R)|      FAST  |clk_BUFGP         |   0.000|
Data_out<2> |         6.377(R)|      SLOW  |         2.790(R)|      FAST  |clk_BUFGP         |   0.000|
Data_out<3> |         6.387(R)|      SLOW  |         2.801(R)|      FAST  |clk_BUFGP         |   0.000|
Data_out<4> |         6.387(R)|      SLOW  |         2.800(R)|      FAST  |clk_BUFGP         |   0.000|
Data_out<5> |         6.386(R)|      SLOW  |         2.799(R)|      FAST  |clk_BUFGP         |   0.000|
Data_out<6> |         6.384(R)|      SLOW  |         2.797(R)|      FAST  |clk_BUFGP         |   0.000|
Data_out<7> |         6.391(R)|      SLOW  |         2.804(R)|      FAST  |clk_BUFGP         |   0.000|
register<0> |         6.391(R)|      SLOW  |         2.804(R)|      FAST  |clk_BUFGP         |   0.000|
register<1> |         6.362(R)|      SLOW  |         2.776(R)|      FAST  |clk_BUFGP         |   0.000|
register<2> |         6.358(R)|      SLOW  |         2.773(R)|      FAST  |clk_BUFGP         |   0.000|
------------+-----------------+------------+-----------------+------------+------------------+--------+

Clock to Setup on destination clock clk
---------------+---------+---------+---------+---------+
               | Src:Rise| Src:Fall| Src:Rise| Src:Fall|
Source Clock   |Dest:Rise|Dest:Rise|Dest:Fall|Dest:Fall|
---------------+---------+---------+---------+---------+
rst            |    0.249|    3.967|         |         |
---------------+---------+---------+---------+---------+

Pad to Pad
---------------+---------------+---------+
Source Pad     |Destination Pad|  Delay  |
---------------+---------------+---------+
empty          |read           |    5.230|
rst            |read           |    5.711|
---------------+---------------+---------+


Analysis completed Thu Dec 01 15:12:59 2022 
--------------------------------------------------------------------------------

Trace Settings:
-------------------------
Trace Settings 

Peak Memory Usage: 4950 MB



