--------------------------------------------------------------------------------
Release 14.7 Trace  (nt64)
Copyright (c) 1995-2013 Xilinx, Inc.  All rights reserved.

C:\Xilinx\14.7\ISE_DS\ISE\bin\nt64\unwrapped\trce.exe -intstyle ise -v 3 -s 3
-n 3 -fastpaths -xml switch.twx switch.ncd -o switch.twr switch.pcf

Design file:              switch.ncd
Physical constraint file: switch.pcf
Device,package,speed:     xc7a100t,csg324,C,-3 (PRODUCTION 1.10 2013-10-13)
Report level:             verbose report

Environment Variable      Effect 
--------------------      ------ 
NONE                      No environment variables were set
--------------------------------------------------------------------------------

INFO:Timing:2698 - No timing constraints found, doing default enumeration.
INFO:Timing:3412 - To improve timing, see the Timing Closure User Guide (UG612).
INFO:Timing:2752 - To get complete path coverage, use the unconstrained paths 
   option. All paths that are not constrained will be reported in the 
   unconstrained paths section(s) of the report.
INFO:Timing:3339 - The clock-to-out numbers in this timing report are based on 
   a 50 Ohm transmission line loading model.  For the details of this model, 
   and for more information on accounting for different loading conditions, 
   please see the device datasheet.



Data Sheet report:
-----------------
All values displayed in nanoseconds (ns)

Setup/Hold to clock clk
------------+------------+------------+------------+------------+------------------+--------+
            |Max Setup to|  Process   |Max Hold to |  Process   |                  | Clock  |
Source      | clk (edge) |   Corner   | clk (edge) |   Corner   |Internal Clock(s) | Phase  |
------------+------------+------------+------------+------------+------------------+--------+
request_E<0>|    1.741(R)|      SLOW  |    0.894(R)|      SLOW  |clk_BUFGP         |   0.000|
request_E<1>|    1.551(R)|      SLOW  |    1.096(R)|      SLOW  |clk_BUFGP         |   0.000|
request_E<2>|    1.627(R)|      SLOW  |    1.057(R)|      SLOW  |clk_BUFGP         |   0.000|
request_L<0>|    1.772(R)|      SLOW  |    0.910(R)|      SLOW  |clk_BUFGP         |   0.000|
request_L<1>|    1.347(R)|      SLOW  |    1.265(R)|      SLOW  |clk_BUFGP         |   0.000|
request_L<2>|    1.392(R)|      SLOW  |    1.255(R)|      SLOW  |clk_BUFGP         |   0.000|
request_N<0>|    2.009(R)|      SLOW  |    0.705(R)|      SLOW  |clk_BUFGP         |   0.000|
request_N<1>|    1.639(R)|      SLOW  |    1.025(R)|      SLOW  |clk_BUFGP         |   0.000|
request_N<2>|    1.556(R)|      SLOW  |    1.123(R)|      SLOW  |clk_BUFGP         |   0.000|
request_S<0>|    1.408(R)|      SLOW  |    1.203(R)|      SLOW  |clk_BUFGP         |   0.000|
request_S<1>|    1.545(R)|      SLOW  |    1.088(R)|      SLOW  |clk_BUFGP         |   0.000|
request_S<2>|    2.122(R)|      SLOW  |    0.639(R)|      SLOW  |clk_BUFGP         |   0.000|
request_W<0>|    2.556(R)|      SLOW  |    1.108(R)|      SLOW  |clk_BUFGP         |   0.000|
request_W<1>|    2.491(R)|      SLOW  |    1.251(R)|      SLOW  |clk_BUFGP         |   0.000|
request_W<2>|    1.792(R)|      SLOW  |    1.120(R)|      SLOW  |clk_BUFGP         |   0.000|
rst         |    0.323(R)|      FAST  |    1.443(R)|      SLOW  |clk_BUFGP         |   0.000|
------------+------------+------------+------------+------------+------------------+--------+

Clock clk to Pad
------------+-----------------+------------+-----------------+------------+------------------+--------+
            |Max (slowest) clk|  Process   |Min (fastest) clk|  Process   |                  | Clock  |
Destination |  (edge) to PAD  |   Corner   |  (edge) to PAD  |   Corner   |Internal Clock(s) | Phase  |
------------+-----------------+------------+-----------------+------------+------------------+--------+
Out_E<0>    |         9.895(R)|      SLOW  |         4.120(R)|      FAST  |clk_BUFGP         |   0.000|
Out_E<1>    |         9.868(R)|      SLOW  |         4.197(R)|      FAST  |clk_BUFGP         |   0.000|
Out_E<2>    |         9.687(R)|      SLOW  |         4.117(R)|      FAST  |clk_BUFGP         |   0.000|
Out_E<3>    |        10.065(R)|      SLOW  |         4.314(R)|      FAST  |clk_BUFGP         |   0.000|
Out_E<4>    |         9.870(R)|      SLOW  |         4.267(R)|      FAST  |clk_BUFGP         |   0.000|
Out_E<5>    |        10.171(R)|      SLOW  |         4.147(R)|      FAST  |clk_BUFGP         |   0.000|
Out_E<6>    |        10.026(R)|      SLOW  |         4.058(R)|      FAST  |clk_BUFGP         |   0.000|
Out_E<7>    |        10.516(R)|      SLOW  |         4.200(R)|      FAST  |clk_BUFGP         |   0.000|
Out_L<0>    |        10.299(R)|      SLOW  |         4.073(R)|      FAST  |clk_BUFGP         |   0.000|
Out_L<1>    |         9.669(R)|      SLOW  |         4.062(R)|      FAST  |clk_BUFGP         |   0.000|
Out_L<2>    |         9.854(R)|      SLOW  |         4.112(R)|      FAST  |clk_BUFGP         |   0.000|
Out_L<3>    |         9.910(R)|      SLOW  |         3.958(R)|      FAST  |clk_BUFGP         |   0.000|
Out_L<4>    |         9.843(R)|      SLOW  |         4.110(R)|      FAST  |clk_BUFGP         |   0.000|
Out_L<5>    |        10.135(R)|      SLOW  |         4.254(R)|      FAST  |clk_BUFGP         |   0.000|
Out_L<6>    |         9.832(R)|      SLOW  |         4.005(R)|      FAST  |clk_BUFGP         |   0.000|
Out_L<7>    |         9.902(R)|      SLOW  |         3.985(R)|      FAST  |clk_BUFGP         |   0.000|
Out_N<0>    |         9.801(R)|      SLOW  |         4.056(R)|      FAST  |clk_BUFGP         |   0.000|
Out_N<1>    |        10.171(R)|      SLOW  |         4.091(R)|      FAST  |clk_BUFGP         |   0.000|
Out_N<2>    |         9.815(R)|      SLOW  |         4.091(R)|      FAST  |clk_BUFGP         |   0.000|
Out_N<3>    |         9.933(R)|      SLOW  |         4.120(R)|      FAST  |clk_BUFGP         |   0.000|
Out_N<4>    |         9.991(R)|      SLOW  |         4.037(R)|      FAST  |clk_BUFGP         |   0.000|
Out_N<5>    |        10.025(R)|      SLOW  |         4.084(R)|      FAST  |clk_BUFGP         |   0.000|
Out_N<6>    |         9.883(R)|      SLOW  |         4.093(R)|      FAST  |clk_BUFGP         |   0.000|
Out_N<7>    |         9.871(R)|      SLOW  |         4.127(R)|      FAST  |clk_BUFGP         |   0.000|
Out_S<0>    |        10.038(R)|      SLOW  |         4.060(R)|      FAST  |clk_BUFGP         |   0.000|
Out_S<1>    |         9.770(R)|      SLOW  |         3.954(R)|      FAST  |clk_BUFGP         |   0.000|
Out_S<2>    |         9.574(R)|      SLOW  |         3.981(R)|      FAST  |clk_BUFGP         |   0.000|
Out_S<3>    |         9.482(R)|      SLOW  |         3.827(R)|      FAST  |clk_BUFGP         |   0.000|
Out_S<4>    |         9.631(R)|      SLOW  |         4.033(R)|      FAST  |clk_BUFGP         |   0.000|
Out_S<5>    |         9.701(R)|      SLOW  |         4.162(R)|      FAST  |clk_BUFGP         |   0.000|
Out_S<6>    |         9.980(R)|      SLOW  |         3.980(R)|      FAST  |clk_BUFGP         |   0.000|
Out_S<7>    |         9.483(R)|      SLOW  |         3.897(R)|      FAST  |clk_BUFGP         |   0.000|
Out_W<0>    |        10.154(R)|      SLOW  |         4.253(R)|      FAST  |clk_BUFGP         |   0.000|
Out_W<1>    |        10.145(R)|      SLOW  |         4.255(R)|      FAST  |clk_BUFGP         |   0.000|
Out_W<2>    |        10.169(R)|      SLOW  |         4.332(R)|      FAST  |clk_BUFGP         |   0.000|
Out_W<3>    |        10.182(R)|      SLOW  |         4.303(R)|      FAST  |clk_BUFGP         |   0.000|
Out_W<4>    |        10.668(R)|      SLOW  |         4.296(R)|      FAST  |clk_BUFGP         |   0.000|
Out_W<5>    |        10.526(R)|      SLOW  |         4.263(R)|      FAST  |clk_BUFGP         |   0.000|
Out_W<6>    |        10.297(R)|      SLOW  |         4.293(R)|      FAST  |clk_BUFGP         |   0.000|
Out_W<7>    |        10.589(R)|      SLOW  |         4.380(R)|      FAST  |clk_BUFGP         |   0.000|
grant_E     |         8.481(R)|      SLOW  |         3.673(R)|      FAST  |clk_BUFGP         |   0.000|
grant_L     |         9.417(R)|      SLOW  |         4.102(R)|      FAST  |clk_BUFGP         |   0.000|
grant_N     |         8.881(R)|      SLOW  |         3.818(R)|      FAST  |clk_BUFGP         |   0.000|
grant_S     |         8.510(R)|      SLOW  |         3.612(R)|      FAST  |clk_BUFGP         |   0.000|
grant_W     |         8.726(R)|      SLOW  |         3.735(R)|      FAST  |clk_BUFGP         |   0.000|
------------+-----------------+------------+-----------------+------------+------------------+--------+

Clock to Setup on destination clock clk
---------------+---------+---------+---------+---------+
               | Src:Rise| Src:Fall| Src:Rise| Src:Fall|
Source Clock   |Dest:Rise|Dest:Rise|Dest:Fall|Dest:Fall|
---------------+---------+---------+---------+---------+
clk            |    3.037|         |         |         |
---------------+---------+---------+---------+---------+

Pad to Pad
---------------+---------------+---------+
Source Pad     |Destination Pad|  Delay  |
---------------+---------------+---------+
In_E<0>        |Out_E<0>       |    7.986|
In_E<0>        |Out_L<0>       |    8.417|
In_E<0>        |Out_N<0>       |    7.772|
In_E<0>        |Out_S<0>       |    7.861|
In_E<0>        |Out_W<0>       |    7.954|
In_E<1>        |Out_E<1>       |    8.572|
In_E<1>        |Out_L<1>       |    8.175|
In_E<1>        |Out_N<1>       |    8.681|
In_E<1>        |Out_S<1>       |    8.175|
In_E<1>        |Out_W<1>       |    8.359|
In_E<2>        |Out_E<2>       |    8.096|
In_E<2>        |Out_L<2>       |    8.649|
In_E<2>        |Out_N<2>       |    8.169|
In_E<2>        |Out_S<2>       |    8.319|
In_E<2>        |Out_W<2>       |    8.282|
In_E<3>        |Out_E<3>       |    8.347|
In_E<3>        |Out_L<3>       |    8.335|
In_E<3>        |Out_N<3>       |    8.359|
In_E<3>        |Out_S<3>       |    8.113|
In_E<3>        |Out_W<3>       |    8.323|
In_E<4>        |Out_E<4>       |    8.663|
In_E<4>        |Out_L<4>       |    8.870|
In_E<4>        |Out_N<4>       |    8.974|
In_E<4>        |Out_S<4>       |    8.794|
In_E<4>        |Out_W<4>       |    9.124|
In_E<5>        |Out_E<5>       |    8.359|
In_E<5>        |Out_L<5>       |    8.841|
In_E<5>        |Out_N<5>       |    8.597|
In_E<5>        |Out_S<5>       |    8.323|
In_E<5>        |Out_W<5>       |    8.738|
In_E<6>        |Out_E<6>       |    7.732|
In_E<6>        |Out_L<6>       |    8.274|
In_E<6>        |Out_N<6>       |    7.896|
In_E<6>        |Out_S<6>       |    8.239|
In_E<6>        |Out_W<6>       |    8.188|
In_E<7>        |Out_E<7>       |    8.393|
In_E<7>        |Out_L<7>       |    7.827|
In_E<7>        |Out_N<7>       |    8.385|
In_E<7>        |Out_S<7>       |    7.472|
In_E<7>        |Out_W<7>       |    8.800|
In_L<0>        |Out_E<0>       |    7.973|
In_L<0>        |Out_L<0>       |    8.980|
In_L<0>        |Out_N<0>       |    8.401|
In_L<0>        |Out_S<0>       |    8.321|
In_L<0>        |Out_W<0>       |    8.301|
In_L<1>        |Out_E<1>       |    7.525|
In_L<1>        |Out_L<1>       |    7.648|
In_L<1>        |Out_N<1>       |    7.634|
In_L<1>        |Out_S<1>       |    7.645|
In_L<1>        |Out_W<1>       |    7.518|
In_L<2>        |Out_E<2>       |    7.872|
In_L<2>        |Out_L<2>       |    8.155|
In_L<2>        |Out_N<2>       |    7.805|
In_L<2>        |Out_S<2>       |    7.915|
In_L<2>        |Out_W<2>       |    8.586|
In_L<3>        |Out_E<3>       |    7.947|
In_L<3>        |Out_L<3>       |    8.316|
In_L<3>        |Out_N<3>       |    8.236|
In_L<3>        |Out_S<3>       |    7.711|
In_L<3>        |Out_W<3>       |    8.412|
In_L<4>        |Out_E<4>       |    8.324|
In_L<4>        |Out_L<4>       |    8.644|
In_L<4>        |Out_N<4>       |    8.368|
In_L<4>        |Out_S<4>       |    8.391|
In_L<4>        |Out_W<4>       |    8.920|
In_L<5>        |Out_E<5>       |    8.619|
In_L<5>        |Out_L<5>       |    8.219|
In_L<5>        |Out_N<5>       |    8.181|
In_L<5>        |Out_S<5>       |    7.912|
In_L<5>        |Out_W<5>       |    8.465|
In_L<6>        |Out_E<6>       |    8.235|
In_L<6>        |Out_L<6>       |    8.275|
In_L<6>        |Out_N<6>       |    8.616|
In_L<6>        |Out_S<6>       |    8.750|
In_L<6>        |Out_W<6>       |    8.331|
In_L<7>        |Out_E<7>       |    8.090|
In_L<7>        |Out_L<7>       |    8.282|
In_L<7>        |Out_N<7>       |    8.404|
In_L<7>        |Out_S<7>       |    8.109|
In_L<7>        |Out_W<7>       |    8.276|
In_N<0>        |Out_E<0>       |    7.246|
In_N<0>        |Out_L<0>       |    7.809|
In_N<0>        |Out_N<0>       |    7.029|
In_N<0>        |Out_S<0>       |    7.428|
In_N<0>        |Out_W<0>       |    7.562|
In_N<1>        |Out_E<1>       |    7.779|
In_N<1>        |Out_L<1>       |    7.243|
In_N<1>        |Out_N<1>       |    7.730|
In_N<1>        |Out_S<1>       |    6.984|
In_N<1>        |Out_W<1>       |    7.909|
In_N<2>        |Out_E<2>       |    7.396|
In_N<2>        |Out_L<2>       |    7.149|
In_N<2>        |Out_N<2>       |    7.301|
In_N<2>        |Out_S<2>       |    7.394|
In_N<2>        |Out_W<2>       |    8.137|
In_N<3>        |Out_E<3>       |    7.951|
In_N<3>        |Out_L<3>       |    7.291|
In_N<3>        |Out_N<3>       |    7.656|
In_N<3>        |Out_S<3>       |    6.709|
In_N<3>        |Out_W<3>       |    8.080|
In_N<4>        |Out_E<4>       |    7.999|
In_N<4>        |Out_L<4>       |    7.812|
In_N<4>        |Out_N<4>       |    7.624|
In_N<4>        |Out_S<4>       |    7.565|
In_N<4>        |Out_W<4>       |    8.637|
In_N<5>        |Out_E<5>       |    8.144|
In_N<5>        |Out_L<5>       |    7.697|
In_N<5>        |Out_N<5>       |    7.580|
In_N<5>        |Out_S<5>       |    7.535|
In_N<5>        |Out_W<5>       |    8.427|
In_N<6>        |Out_E<6>       |    8.183|
In_N<6>        |Out_L<6>       |    8.206|
In_N<6>        |Out_N<6>       |    8.357|
In_N<6>        |Out_S<6>       |    8.350|
In_N<6>        |Out_W<6>       |    8.511|
In_N<7>        |Out_E<7>       |    7.755|
In_N<7>        |Out_L<7>       |    7.174|
In_N<7>        |Out_N<7>       |    7.591|
In_N<7>        |Out_S<7>       |    6.841|
In_N<7>        |Out_W<7>       |    8.413|
In_S<0>        |Out_E<0>       |    7.425|
In_S<0>        |Out_L<0>       |    7.656|
In_S<0>        |Out_N<0>       |    7.608|
In_S<0>        |Out_S<0>       |    7.581|
In_S<0>        |Out_W<0>       |    7.401|
In_S<1>        |Out_E<1>       |    7.846|
In_S<1>        |Out_L<1>       |    7.684|
In_S<1>        |Out_N<1>       |    7.990|
In_S<1>        |Out_S<1>       |    7.701|
In_S<1>        |Out_W<1>       |    7.709|
In_S<2>        |Out_E<2>       |    7.680|
In_S<2>        |Out_L<2>       |    7.604|
In_S<2>        |Out_N<2>       |    7.901|
In_S<2>        |Out_S<2>       |    7.853|
In_S<2>        |Out_W<2>       |    8.253|
In_S<3>        |Out_E<3>       |    8.273|
In_S<3>        |Out_L<3>       |    8.382|
In_S<3>        |Out_N<3>       |    8.873|
In_S<3>        |Out_S<3>       |    8.435|
In_S<3>        |Out_W<3>       |    8.649|
In_S<4>        |Out_E<4>       |    7.953|
In_S<4>        |Out_L<4>       |    8.676|
In_S<4>        |Out_N<4>       |    8.627|
In_S<4>        |Out_S<4>       |    8.515|
In_S<4>        |Out_W<4>       |    9.048|
In_S<5>        |Out_E<5>       |    8.622|
In_S<5>        |Out_L<5>       |    8.530|
In_S<5>        |Out_N<5>       |    8.056|
In_S<5>        |Out_S<5>       |    7.662|
In_S<5>        |Out_W<5>       |    8.368|
In_S<6>        |Out_E<6>       |    8.120|
In_S<6>        |Out_L<6>       |    8.181|
In_S<6>        |Out_N<6>       |    8.496|
In_S<6>        |Out_S<6>       |    9.016|
In_S<6>        |Out_W<6>       |    8.532|
In_S<7>        |Out_E<7>       |    8.564|
In_S<7>        |Out_L<7>       |    8.262|
In_S<7>        |Out_N<7>       |    8.392|
In_S<7>        |Out_S<7>       |    8.274|
In_S<7>        |Out_W<7>       |    8.810|
In_W<0>        |Out_E<0>       |    7.803|
In_W<0>        |Out_L<0>       |    7.585|
In_W<0>        |Out_N<0>       |    6.980|
In_W<0>        |Out_S<0>       |    7.338|
In_W<0>        |Out_W<0>       |    7.751|
In_W<1>        |Out_E<1>       |    7.499|
In_W<1>        |Out_L<1>       |    7.207|
In_W<1>        |Out_N<1>       |    7.569|
In_W<1>        |Out_S<1>       |    7.319|
In_W<1>        |Out_W<1>       |    7.994|
In_W<2>        |Out_E<2>       |    7.618|
In_W<2>        |Out_L<2>       |    7.435|
In_W<2>        |Out_N<2>       |    7.436|
In_W<2>        |Out_S<2>       |    7.414|
In_W<2>        |Out_W<2>       |    8.054|
In_W<3>        |Out_E<3>       |    7.354|
In_W<3>        |Out_L<3>       |    7.238|
In_W<3>        |Out_N<3>       |    7.312|
In_W<3>        |Out_S<3>       |    7.156|
In_W<3>        |Out_W<3>       |    8.057|
In_W<4>        |Out_E<4>       |    7.613|
In_W<4>        |Out_L<4>       |    7.288|
In_W<4>        |Out_N<4>       |    7.560|
In_W<4>        |Out_S<4>       |    6.846|
In_W<4>        |Out_W<4>       |    7.737|
In_W<5>        |Out_E<5>       |    8.001|
In_W<5>        |Out_L<5>       |    7.940|
In_W<5>        |Out_N<5>       |    7.819|
In_W<5>        |Out_S<5>       |    7.448|
In_W<5>        |Out_W<5>       |    7.894|
In_W<6>        |Out_E<6>       |    7.842|
In_W<6>        |Out_L<6>       |    7.279|
In_W<6>        |Out_N<6>       |    7.297|
In_W<6>        |Out_S<6>       |    7.441|
In_W<6>        |Out_W<6>       |    8.142|
In_W<7>        |Out_E<7>       |    7.384|
In_W<7>        |Out_L<7>       |    7.310|
In_W<7>        |Out_N<7>       |    7.352|
In_W<7>        |Out_S<7>       |    6.899|
In_W<7>        |Out_W<7>       |    7.497|
---------------+---------------+---------+


Analysis completed Sun Dec 04 18:36:20 2022 
--------------------------------------------------------------------------------

Trace Settings:
-------------------------
Trace Settings 

Peak Memory Usage: 4951 MB



